// Jest Snapshot v1, https://goo.gl/fbAQLP

exports[`parseArgs should have correct defaults 1`] = `
Object {
  "H": "0.0.0.0",
  "a": "flat-file-db",
  "adapter": "flat-file-db",
  "d": "views.db",
  "dbName": "views.db",
  "host": "0.0.0.0",
  "p": 3000,
  "port": 3000,
}
`;

exports[`parseArgs should throw on non existing adapter 1`] = `
"
                      ⚠️ ERROR ⚠️
-------------------------------------------------------
You specified \\"not-a-real-adapter\\" as the DB_ADAPTER, but no package
called \\"micro-analytics-adapter-not-a-real-adapter\\" was found.

Please make sure you spelled the name correctly and
have \\"npm install\\"ed the necessary adapter package!
-------------------------------------------------------
"
`;
